// Jest Snapshot v1, https://goo.gl/fbAQLP

exports[`<HomePage /> should be rendered 1`] = `
<Fragment>
  <withRouter(Connect(Header))>
    <Switch>
      <Route
        component={[Function]}
        exact={true}
        path="/"
      />
      <Route
        component={[Function]}
        exact={true}
        path="/film/:id"
      />
    </Switch>
  </withRouter(Connect(Header))>
</Fragment>
`;
