// Jest Snapshot v1, https://goo.gl/fbAQLP

exports[`<FilmsContainer> should render <FilmsContainer/> correctly 1`] = `
Array [
  <withRouter(FilmCard)
    genres_ids={
      Array [
        1,
        2,
        3,
      ]
    }
    poster_path="test"
    release_date="test"
    title="test"
  />,
  <withRouter(FilmCard)
    genres_ids={
      Array [
        1,
        2,
        3,
      ]
    }
    poster_path="test"
    release_date="test"
    title="test"
  />,
]
`;
