// Jest Snapshot v1, https://goo.gl/fbAQLP

exports[`<CurrentFilmDescription/> should render 1`] = `
<div>
  <img
    id="poster"
    onError={[Function]}
    src="https://image.tmdb.org/t/p/w500/undefined"
  />
  <div>
    <div>
      <h4 />
      <div>
        <h4 />
      </div>
    </div>
    <div>
      <h5 />
      <div>
        <p />
        <div>
          <p />
          <p />
        </div>
      </div>
    </div>
  </div>
</div>
`;
