// Jest Snapshot v1, https://goo.gl/fbAQLP

exports[`<CurrentFilmDescription/> should render 1`] = `
<div>
  <img
    src="https://image.tmdb.org/t/p/w500/undefined"
  />
  <div>
    <div>
      <h4 />
      <h4 />
    </div>
    <div>
      <h5 />
      <p />
      <div>
        <p>
          Genres:
        </p>
        <p />
      </div>
    </div>
  </div>
</div>
`;
